// Jest Snapshot v1, https://goo.gl/fbAQLP

exports[`snapshot and smoke tests matches the snapshot 1`] = `[Function]`;
