// Jest Snapshot v1, https://goo.gl/fbAQLP

exports[`JobCompletionForm smoke and snapshot tests should match snapshot 1`] = `
<DocumentFragment>
  <div
    class="jobCompletion-form-container"
  >
    <div
      class="jobCompletion-centered-card"
    >
      <form
        class=""
      >
        <div
          class="form-group"
        >
          <input
            class="form-control-file"
            hidden=""
            id="imageInput"
            name="image"
            type="file"
          />
        </div>
        <div
          class="form-group"
        >
          <label
            class=""
            for="imageInput"
          >
            Upload "After" Image
          </label>
          <input
            aria-invalid="false"
            class="is-valid form-control-file"
            data-testid="image-input"
            id="imageInput"
            name="image"
            type="file"
          />
          <div
            class="valid-feedback"
          >
            Valid file type
          </div>
          <small
            class="form-text text-muted"
          >
            Supported File Types: jpg, png
          </small>
        </div>
        <button
          class="btn btn-secondary"
          data-testid="jobCompletion-submit-button"
          type="submit"
        >
          Upload
        </button>
      </form>
    </div>
  </div>
</DocumentFragment>
`;

exports[`handles form submission correctly should match snapshot 1`] = `
<DocumentFragment>
  <div
    class="jobCompletion-form-container"
  >
    <div
      class="jobCompletion-centered-card"
    >
      <form
        class=""
      >
        <div
          class="form-group"
        >
          <input
            class="form-control-file"
            hidden=""
            id="imageInput"
            name="image"
            type="file"
          />
        </div>
        <div
          class="form-group"
        >
          <label
            class=""
            for="imageInput"
          >
            Upload "After" Image
          </label>
          <input
            aria-invalid="false"
            class="is-valid form-control-file"
            data-testid="image-input"
            id="imageInput"
            name="image"
            type="file"
          />
          <div
            class="valid-feedback"
          >
            Valid file type
          </div>
          <small
            class="form-text text-muted"
          >
            Supported File Types: jpg, png
          </small>
        </div>
        <button
          class="btn btn-secondary"
          data-testid="jobCompletion-submit-button"
          type="submit"
        >
          Upload
        </button>
      </form>
    </div>
  </div>
</DocumentFragment>
`;
