// Jest Snapshot v1, https://goo.gl/fbAQLP

exports[`smoke and snapshot testing matches snapshot 1`] = `[Function]`;
