// Jest Snapshot v1, https://goo.gl/fbAQLP

exports[`smoke and snapshot tests matches snapshot 1`] = `
<DocumentFragment>
  <div>
    <nav
      class="navbar navbar-expand-md navbar-dark bg-dark"
      container="xl"
      data-testid="Navbar"
    >
      <a
        aria-current="page"
        class="me-auto active"
        href="/"
      >
        <button
          class="btn btn-outline-info"
          data-testid="Navbar-tasker"
        >
          Tasker
        </button>
      </a>
      <button
        aria-label="Toggle navigation"
        class="me-2 navbar-toggler"
        type="button"
      >
        <span
          class="navbar-toggler-icon"
        />
      </button>
      <div
        class="collapse navbar-collapse"
      >
        <ul
          class="ml-auto navbar-nav"
        >
          <li
            class="mr-2 nav-item"
          >
            <a
              class=""
              href="/login"
            >
              <button
                class="btn btn-outline-warning"
                data-testid="Navbar-login"
              >
                Login
              </button>
            </a>
          </li>
          <li
            class="mr-2 nav-item"
          >
            <a
              class=""
              href="/signup"
            >
              <button
                class="btn btn-outline-info"
                data-testid="Navbar-signup"
              >
                Sign Up
              </button>
            </a>
          </li>
        </ul>
      </div>
    </nav>
  </div>
</DocumentFragment>
`;
